#------------------------------------------------------------------------------#
#       map IBM ILOG CPLEX function names to cplexAPI function names           #
#------------------------------------------------------------------------------#

# IBM ILOG CPLEX                # cplexAPI

#CPXaddchannel                <- cplexAPI::addChannelCPLEX
CPXaddcols                   <- cplexAPI::addColsCPLEX
# removed in CPLEX 12.9.0 begin
CPXaddfpdest                 <- cplexAPI::addFpDestCPLEX
# removed in CPLEX 12.9.0 end
CPXaddindconstr              <- cplexAPI::addIndConstrCPLEX
CPXaddmipstarts              <- cplexAPI::addMIPstartsCPLEX
CPXaddrows                   <- cplexAPI::addRowsCPLEX
CPXaddqconstr                <- cplexAPI::addQConstrCPLEX
CPXbaropt                    <- cplexAPI::baroptCPLEX
CPXmbasewrite                <- cplexAPI::baseWriteCPLEX
CPXbasicpresolve             <- cplexAPI::basicPresolveCPLEX
CPXboundsa                   <- cplexAPI::boundSaCPLEX
CPXclpwrite                  <- cplexAPI::cLpWriteCPLEX
CPXcheckaddcols              <- cplexAPI::checkAddColsCPLEX
CPXcheckaddrows              <- cplexAPI::checkAddRowsCPLEX
CPXcheckchgcoeflist          <- cplexAPI::checkChgCoefListCPLEX
CPXcheckcopyctype            <- cplexAPI::checkCopyColTypeCPLEX
CPXcheckcopylp               <- cplexAPI::checkCopyLpCPLEX
CPXcheckcopylpwnames         <- cplexAPI::checkCopyLpwNamesCPLEX
CPXcheckcopyqpsep            <- cplexAPI::checkCopyQPsepCPLEX
CPXcheckcopyquad             <- cplexAPI::checkCopyQuadCPLEX
CPXcheckvals                 <- cplexAPI::checkValsCPLEX
CPXchgbds                    <- cplexAPI::chgBndsCPLEX
CPXchgcoef                   <- cplexAPI::chgCoefCPLEX
CPXchgcoeflist               <- cplexAPI::chgCoefListCPLEX
CPXchgcolname                <- cplexAPI::chgColNameCPLEX
CPXchgctype                  <- cplexAPI::chgColTypeCPLEX
CPXchgmipstarts              <- cplexAPI::chgMIPstartsCPLEX
CPXchgname                   <- cplexAPI::chgNameCPLEX
CPXchgobj                    <- cplexAPI::chgObjCPLEX
CPXchgprobname               <- cplexAPI::chgProbNameCPLEX
CPXchgprobtype               <- cplexAPI::chgProbTypeCPLEX
CPXchgqpcoef                 <- cplexAPI::chgQPcoefCPLEX
CPXchgrhs                    <- cplexAPI::chgRhsCPLEX
CPXchgrngval                 <- cplexAPI::chgRngValCPLEX
CPXchgrowname                <- cplexAPI::chgRowNameCPLEX
CPXchgsense                  <- cplexAPI::chgSenseCPLEX
CPXcleanup                   <- cplexAPI::cleanupCoefCPLEX
CPXcloneprob                 <- cplexAPI::cloneProbCPLEX
CPXcloseCPLEX                <- cplexAPI::closeEnvCPLEX
# removed in CPLEX 12.9.0 begin
CPXfclose                    <- cplexAPI::closeFileCPLEX
# removed in CPLEX 12.9.0 end
CPXcompletelp                <- cplexAPI::completelpCPLEX
CPXcopybase                  <- cplexAPI::copyBaseCPLEX
CPXcopyctype                 <- cplexAPI::copyColTypeCPLEX
CPXcopylp                    <- cplexAPI::copyLpCPLEX
CPXcopylpwnames              <- cplexAPI::copyLpwNamesCPLEX
CPXcopyobjname               <- cplexAPI::copyObjNameCPLEX
CPXcopyorder                 <- cplexAPI::copyOrderCPLEX
CPXcopyqpsep                 <- cplexAPI::copyQPsepCPLEX
CPXcopyquad                  <- cplexAPI::copyQuadCPLEX
CPXcopystart                 <- cplexAPI::copyStartCPLEX
#CPXdelchannel                <- cplexAPI::delChannelCPLEX
CPXdelcols                   <- cplexAPI::delColsCPLEX
# removed in CPLEX 12.9.0 begin
CPXdelfpdest                 <- cplexAPI::delFpDestCPLEX
# removed in CPLEX 12.9.0 end
CPXdelindconstrs             <- cplexAPI::delIndConstrsCPLEX
CPXdelmipstarts              <- cplexAPI::delMIPstartsCPLEX
CPXdelnames                  <- cplexAPI::delNamesCPLEX
CPXdelqconstrs               <- cplexAPI::delQConstrsCPLEX
CPXfreeprob                  <- cplexAPI::delProbCPLEX
CPXdelrows                   <- cplexAPI::delRowsCPLEX
CPXdelsetcols                <- cplexAPI::delSetColsCPLEX
CPXdelsetrows                <- cplexAPI::delSetRowsCPLEX
CPXsetterminate              <- cplexAPI::delTerminateCPLEX
CPXdisconnectchannel         <- cplexAPI::disconnectChannelCPLEX
CPXdualwrite                 <- cplexAPI::dualWriteCPLEX
CPXdualopt                   <- cplexAPI::dualoptCPLEX
CPXfeasopt                   <- cplexAPI::feasOptCPLEX
# removed in CPLEX 12.9.0 begin
CPXfputs                     <- cplexAPI::fileputCPLEX
# removed in CPLEX 12.9.0 end
CPXflushchannel              <- cplexAPI::flushChannelCPLEX
CPXflushstdchannels          <- cplexAPI::flushStdChannelsCPLEX
CPXfreepresolve              <- cplexAPI::freePresolveCPLEX
CPXgetbase                   <- cplexAPI::getBaseCPLEX
CPXgetbestobjval             <- cplexAPI::getBestObjValCPLEX
CPXgetchannels               <- cplexAPI::getChannelsCPLEX
CPXgetchgparam               <- cplexAPI::getChgParmCPLEX
CPXgetcoef                   <- cplexAPI::getCoefCPLEX
CPXgetcolindex               <- cplexAPI::getColIndexCPLEX
CPXgetcolinfeas              <- cplexAPI::getColInfeasCPLEX
CPXgetcolname                <- cplexAPI::getColNameCPLEX
CPXgetctype                  <- cplexAPI::getColTypeCPLEX
CPXgetcols                   <- cplexAPI::getColsCPLEX
CPXgetconflict               <- cplexAPI::getConflictCPLEX
CPXgetconflictext            <- cplexAPI::getConflictExtCPLEX
CPXgetcutoff                 <- cplexAPI::getCutoffCPLEX
CPXgetdblparam               <- cplexAPI::getDblParmCPLEX
CPXgetdblquality             <- cplexAPI::getDblQualCPLEX
CPXgetdsbcnt                 <- cplexAPI::getDbsCntCPLEX
CPXgetdj                     <- cplexAPI::getDjCPLEX
CPXgeterrorstring            <- cplexAPI::getErrorStrCPLEX
CPXgetgrad                   <- cplexAPI::getGradCPLEX
CPXgetindconstr              <- cplexAPI::getIndConstrCPLEX
CPXgetnumqconstrs            <- cplexAPI::getNumQConstrsCPLEX
CPXinfodblparam              <- cplexAPI::getInfoDblParmCPLEX
CPXinfointparam              <- cplexAPI::getInfoIntParmCPLEX
CPXinfolongparam             <- cplexAPI::getInfoLongParmCPLEX
CPXinfostrparam              <- cplexAPI::getInfoStrParmCPLEX
CPXgetintparam               <- cplexAPI::getIntParmCPLEX
CPXgetintquality             <- cplexAPI::getIntQualCPLEX
CPXgetitcnt                  <- cplexAPI::getItCntCPLEX
# removed in CPLEX 12.9.0 begin
CPXgetlogfile                <- cplexAPI::getLogFileCPLEX
# removed in CPLEX 12.9.0 end
CPXgetlongparam              <- cplexAPI::getLongParmCPLEX
CPXgetlb                     <- cplexAPI::getLowerBndsCPLEX
CPXgetmiprelgap              <- cplexAPI::getMIPrelGapCPLEX
CPXgetmipstartindex          <- cplexAPI::getMIPstartIndexCPLEX
CPXgetmipstartname           <- cplexAPI::getMIPstartNameCPLEX
CPXgetmipstarts              <- cplexAPI::getMIPstartsCPLEX
CPXgetmethod                 <- cplexAPI::getMethodCPLEX
CPXgetnumcols                <- cplexAPI::getNumColsCPLEX
CPXgetnummipstarts           <- cplexAPI::getNumMIPstartsCPLEX
CPXgetnumnz                  <- cplexAPI::getNumNnzCPLEX
CPXgetnumqpnz                <- cplexAPI::getNumQPnzCPLEX
CPXgetnumquad                <- cplexAPI::getNumQuadCPLEX
CPXgetnumrows                <- cplexAPI::getNumRowsCPLEX
CPXgetobj                    <- cplexAPI::getObjCPLEX
CPXgetobjsen                 <- cplexAPI::getObjDirCPLEX
CPXgetobjname                <- cplexAPI::getObjNameCPLEX
CPXgetobjoffset              <- cplexAPI::getObjOffsetCPLEX
CPXgetobjval                 <- cplexAPI::getObjValCPLEX
CPXgetorder                  <- cplexAPI::getOrderCPLEX
CPXgetparamname              <- cplexAPI::getParmNameCPLEX
CPXgetparamnum               <- cplexAPI::getParmNumCPLEX
CPXgetparamtype              <- cplexAPI::getParmTypeCPLEX
CPXgetphase1cnt              <- cplexAPI::getPhase1CntCPLEX
CPXgetpi                     <- cplexAPI::getPiCPLEX
CPXgetprestat                <- cplexAPI::getPreStatCPLEX
CPXgetprobname               <- cplexAPI::getProbNameCPLEX
CPXgetprobtype               <- cplexAPI::getProbTypeCPLEX
CPXgetx                      <- cplexAPI::getProbVarCPLEX
CPXqindconstr                <- cplexAPI::getQConstrCPLEX
CPXgetqpcoef                 <- cplexAPI::getQPcoefCPLEX
CPXgetquad                   <- cplexAPI::getQuadCPLEX
CPXgetredlp                  <- cplexAPI::getRedLpCPLEX
CPXgetrhs                    <- cplexAPI::getRhsCPLEX
CPXgetrngval                 <- cplexAPI::getRngValCPLEX
CPXgetrowindex               <- cplexAPI::getRowIndexCPLEX
CPXgetrowinfeas              <- cplexAPI::getRowInfeasCPLEX
CPXgetrowname                <- cplexAPI::getRowNameCPLEX
CPXgetrows                   <- cplexAPI::getRowsCPLEX
CPXgetsense                  <- cplexAPI::getSenseCPLEX
CPXgetsiftitcnt              <- cplexAPI::getSiftItCntCPLEX
CPXgetsiftphase1cnt          <- cplexAPI::getSiftPase1CntCPLEX
CPXgetslack                  <- cplexAPI::getSlackCPLEX
CPXgetstat                   <- cplexAPI::getStatCPLEX
CPXgetstatstring             <- cplexAPI::getStatStrCPLEX
CPXgetstrparam               <- cplexAPI::getStrParmCPLEX
CPXgetsubmethod              <- cplexAPI::getSubMethodCPLEX
CPXgetsubstat                <- cplexAPI::getSubStatCPLEX
CPXgettime                   <- cplexAPI::getTimeCPLEX
CPXgetub                     <- cplexAPI::getUpperBndsCPLEX
CPXversion                   <- cplexAPI::getVersionCPLEX
CPXhybbaropt                 <- cplexAPI::hybbaroptCPLEX
CPXhybnetopt                 <- cplexAPI::hybnetoptCPLEX
CPXcreateprob                <- cplexAPI::initProbCPLEX
CPXlpopt                     <- cplexAPI::lpoptCPLEX
CPXmipopt                    <- cplexAPI::mipoptCPLEX
CPXnewcols                   <- cplexAPI::newColsCPLEX
CPXnewrows                   <- cplexAPI::newRowsCPLEX
CPXobjsa                     <- cplexAPI::objSaCPLEX
CPXopenCPLEX                 <- cplexAPI::openEnvCPLEX
# removed in CPLEX 12.9.0 begin
CPXfopen                     <- cplexAPI::openFileCPLEX
# removed in CPLEX 12.9.0 end
CPXordwrite                  <- cplexAPI::ordWriteCPLEX
CPXpreslvwrite               <- cplexAPI::preslvWriteCPLEX
CPXpresolve                  <- cplexAPI::presolveCPLEX
CPXprimopt                   <- cplexAPI::primoptCPLEX
CPXqpopt                     <- cplexAPI::qpoptCPLEX
CPXreadcopybase              <- cplexAPI::readCopyBaseCPLEX
CPXreadcopymipstarts         <- cplexAPI::readCopyMIPstartsCPLEX
CPXreadcopyorder             <- cplexAPI::readCopyOrderCPLEX
CPXreadcopyparam             <- cplexAPI::readCopyParmCPLEX
CPXreadcopyprob              <- cplexAPI::readCopyProbCPLEX
# removed in CPLEX >= 20.1.0 (dummy) begin
CPXreadcopysol               <- cplexAPI::readCopySolCPLEX
CPXrefineconflict            <- cplexAPI::refineConflictCPLEX
CPXrefinemipstartconflict    <- cplexAPI::refineMIPstartConflictCPLEX
# removed in CPLEX >= 20.1.0 (dummy) end
CPXrefineconflictext         <- cplexAPI::refineConflictExtCPLEX
CPXrefinemipstartconflictext <- cplexAPI::refineMIPstartConflictExtCPLEX
CPXrhssa                     <- cplexAPI::rhsSaCPLEX
CPXsetdblparam               <- cplexAPI::setDblParmCPLEX
CPXsetdefaults               <- cplexAPI::setDefaultParmCPLEX
CPXsetintparam               <- cplexAPI::setIntParmCPLEX
# removed in CPLEX 12.9.0 begin
CPXsetlogfile                <- cplexAPI::setLogFileCPLEX
# removed in CPLEX 12.9.0 end
CPXsetlongparam              <- cplexAPI::setLongParmCPLEX
CPXchgobjsen                 <- cplexAPI::setObjDirCPLEX
CPXsetstrparam               <- cplexAPI::setStrParmCPLEX
CPXsiftopt                   <- cplexAPI::siftoptCPLEX
CPXsolwrite                  <- cplexAPI::solWriteCPLEX
CPXsolninfo                  <- cplexAPI::solnInfoCPLEX
CPXsolution                  <- cplexAPI::solutionCPLEX
CPXtightenbds                <- cplexAPI::tightenBndsCPLEX
CPXtuneparam                 <- cplexAPI::tuneParmCPLEX
CPXunscaleprob               <- cplexAPI::unscaleProbCPLEX
CPXwritemipstarts            <- cplexAPI::writeMIPstartsCPLEX
CPXwriteparam                <- cplexAPI::writeParmCPLEX
CPXwriteprob                 <- cplexAPI::writeProbCPLEX

# new in CPLEX 12.8.0 begin
CPXsetlogfilename            <- cplexAPI::setLogFileNameCPLEX
CPXgetlogfilename            <- cplexAPI::getLogFileNameCPLEX
# new in CPLEX 12.8.0 end

# new in CPLEX 12.9.0 begin
CPXgetparamhiername          <- cplexAPI::getParmHierNameCPLEX
# new in CPLEX 12.9.0 end

# new in CPLEX >= 20.1.0 begin
CPXreadcopystartinfo         <- cplexAPI::readCopyStartInfoCPLEX
# new in CPLEX >= 20.1.0 end
